>>> say_my_name = __import__("3-say_my_name").say_my_name

>>> say_my_name("John", "Smith")
My name is John Smith

>>> say_my_name("John")
My name is John

>>> say_my_name("Hello world", "Python")
My name is Hello world Python

>>> long = "this is an incredibly long string in order to test say_my_name"
>>> say_my_name("Hello", long)
My name is Hello this is an incredibly long string in order to test say_my_name

>>> say_my_name(42, "Int")
Traceback (most recent call last):
    ...
TypeError: first_name must be a string

>>> say_my_name("Int", 42)
Traceback (most recent call last):
    ...
TypeError: last_name must be a string

>>> say_my_name()
Traceback (most recent call last):
    ...
TypeError: say_my_name() missing 1 required positional argument: 'first_name'

>>> say_my_name(42, 420)
Traceback (most recent call last):
    ...
TypeError: first_name must be a string